// Jest Snapshot v1, https://goo.gl/fbAQLP

exports[`extensions getMaxOccursExtensionValue should return max occurs value 1`] = `2`;

exports[`extensions getMaxValueExtensionValue should return max value 1`] = `2`;

exports[`extensions getMinLengthExtensionValue should return min length value 1`] = `2`;

exports[`extensions getMinOccursExtensionValue should return min occurs value 1`] = `2`;

exports[`extensions getMinValueExtensionValue should return min value 1`] = `2`;

exports[`extensions getPlaceholder should return placeholder 1`] = `"placeholdervalue"`;

exports[`extensions getRegexExtension should return regex 1`] = `"regex"`;

exports[`extensions getRepeatsTextExtension should return repeats text 1`] = `"repeats text"`;

exports[`extensions getValidationTextExtension should return validation text 1`] = `"Du m√• fylle ut feltet"`;
